// Jest Snapshot v1, https://goo.gl/fbAQLP

exports[`<Button /> should render a button 1`] = `
.c0 {
  background-color: #fff;
  padding: 10px 20px;
  border-radius: 2rem;
  border-style: none;
  border-color: #000;
  cursor: pointer;
  -webkit-transition: background-color 0.2s;
  transition: background-color 0.2s;
}

.c0:hover {
  background-color: #fff;
}

<button
  class="c0"
>
  hello
</button>
`;
